
🔧 Optimizer Configuration:
  Muon variant: Standard Muon
[    50/50000 ] loss=8.4285 H=8.11 lr=0.000200 gnorm=477.55 tok/s=140 elapsed=188s
[   100/50000 ] loss=8.3983 H=8.11 lr=0.000400 gnorm=430.46 tok/s=130 elapsed=392s
[   150/50000 ] loss=8.3421 H=8.11 lr=0.000600 gnorm=359.12 tok/s=141 elapsed=578s
[   200/50000 ] loss=8.2805 H=8.11 lr=0.000800 gnorm=293.48 tok/s=128 elapsed=787s
[   250/50000 ] loss=8.1179 H=8.11 lr=0.001000 gnorm=249.35 tok/s=136 elapsed=983s
[   300/50000 ] loss=7.8786 H=8.03 lr=0.001200 gnorm=201.38 tok/s=122 elapsed=1204s
[   350/50000 ] loss=7.5841 H=7.91 lr=0.001400 gnorm=156.77 tok/s=136 elapsed=1399s
[   400/50000 ] loss=7.2997 H=7.75 lr=0.001600 gnorm=121.59 tok/s=128 elapsed=1608s
[   450/50000 ] loss=7.0531 H=7.54 lr=0.001800 gnorm=109.94 tok/s=127 elapsed=1819s
[   500/50000 ] loss=6.8269 H=7.21 lr=0.002000 gnorm=93.07 tok/s=135 elapsed=2017s
[   550/50000 ] loss=6.5852 H=6.94 lr=0.002200 gnorm=79.43 tok/s=122 elapsed=2236s
[   600/50000 ] loss=6.3781 H=6.57 lr=0.002400 gnorm=51.42 tok/s=137 elapsed=2429s
[   650/50000 ] loss=6.2417 H=6.40 lr=0.002600 gnorm=39.58 tok/s=116 elapsed=2660s
[   700/50000 ] loss=6.0540 H=6.21 lr=0.002800 gnorm=27.70 tok/s=132 elapsed=2862s
[   750/50000 ] loss=6.1314 H=6.19 lr=0.003000 gnorm=28.95 tok/s=135 elapsed=3059s
[   800/50000 ] loss=5.9743 H=5.98 lr=0.003200 gnorm=20.62 tok/s=125 elapsed=3273s
[   850/50000 ] loss=5.7742 H=5.86 lr=0.003400 gnorm=17.24 tok/s=137 elapsed=3466s
[   900/50000 ] loss=5.6476 H=5.73 lr=0.003600 gnorm=13.09 tok/s=128 elapsed=3676s
[   950/50000 ] loss=5.5181 H=5.55 lr=0.003800 gnorm=10.47 tok/s=136 elapsed=3871s
[  1000/50000 ] loss=5.5545 H=5.55 lr=0.004000 gnorm=10.44 tok/s=130 elapsed=4078s
[  1050/50000 ] loss=5.3218 H=5.31 lr=0.004200 gnorm=8.96 tok/s=137 elapsed=4273s
[  1100/50000 ] loss=5.2832 H=5.23 lr=0.004400 gnorm=10.34 tok/s=123 elapsed=4490s
[  1150/50000 ] loss=5.3871 H=5.26 lr=0.004600 gnorm=6.79 tok/s=127 elapsed=4700s
[  1200/50000 ] loss=5.3336 H=5.16 lr=0.004800 gnorm=6.89 tok/s=135 elapsed=4897s
[  1250/50000 ] loss=5.1849 H=5.02 lr=0.005000 gnorm=6.37 tok/s=129 elapsed=5105s
[  1300/50000 ] loss=5.1672 H=4.97 lr=0.005200 gnorm=5.11 tok/s=136 elapsed=5300s
[  1350/50000 ] loss=5.2886 H=5.03 lr=0.005400 gnorm=5.00 tok/s=121 elapsed=5523s
[  1400/50000 ] loss=5.2390 H=4.92 lr=0.005600 gnorm=6.54 tok/s=137 elapsed=5717s
[  1450/50000 ] loss=5.1947 H=4.86 lr=0.005800 gnorm=8.06 tok/s=124 elapsed=5934s
[  1500/50000 ] loss=5.1022 H=4.82 lr=0.006000 gnorm=6.99 tok/s=124 elapsed=6150s
[  1550/50000 ] loss=5.1192 H=4.75 lr=0.006200 gnorm=4.38 tok/s=132 elapsed=6353s
[  1600/50000 ] loss=5.1571 H=4.74 lr=0.006400 gnorm=4.72 tok/s=127 elapsed=6563s
[  1650/50000 ] loss=4.9932 H=4.65 lr=0.006600 gnorm=4.28 tok/s=139 elapsed=6754s
[  1700/50000 ] loss=5.0843 H=4.73 lr=0.006800 gnorm=4.48 tok/s=127 elapsed=6965s
[  1750/50000 ] loss=5.1656 H=4.70 lr=0.007000 gnorm=5.81 tok/s=135 elapsed=7161s
[  1800/50000 ] loss=5.0936 H=4.65 lr=0.007200 gnorm=4.69 tok/s=125 elapsed=7377s
[  1850/50000 ] loss=5.0878 H=4.58 lr=0.007400 gnorm=6.95 tok/s=125 elapsed=7591s
[  1900/50000 ] loss=5.0840 H=4.61 lr=0.007600 gnorm=3.72 tok/s=130 elapsed=7797s
[  1950/50000 ] loss=4.9699 H=4.58 lr=0.007800 gnorm=4.59 tok/s=125 elapsed=8011s
[  2000/50000 ] loss=5.1632 H=4.55 lr=0.008000 gnorm=4.93 tok/s=136 elapsed=8206s
  -> checkpoint saved to checkpoints/qwen35_hybrid/step_2000 (1.92GB)
[  2050/50000 ] loss=5.0802 H=4.59 lr=0.008000 gnorm=4.26 tok/s=127 elapsed=8419s
[  2100/50000 ] loss=4.9297 H=4.44 lr=0.008000 gnorm=4.27 tok/s=132 elapsed=8623s
[  2150/50000 ] loss=4.9031 H=4.42 lr=0.008000 gnorm=4.77 tok/s=135 elapsed=8820s
[  2200/50000 ] loss=5.0146 H=4.57 lr=0.008000 gnorm=6.78 tok/s=123 elapsed=9037s
[  2250/50000 ] loss=4.9290 H=4.48 lr=0.008000 gnorm=3.79 tok/s=137 elapsed=9232s
[  2300/50000 ] loss=4.9856 H=4.54 lr=0.008000 gnorm=3.14 tok/s=126 elapsed=9444s
[  2350/50000 ] loss=4.9765 H=4.46 lr=0.008000 gnorm=6.86 tok/s=139 elapsed=9634s
[  2400/50000 ] loss=4.9123 H=4.48 lr=0.008000 gnorm=3.93 tok/s=122 elapsed=9856s
[  2450/50000 ] loss=4.9257 H=4.46 lr=0.008000 gnorm=7.19 tok/s=133 elapsed=10057s
[  2500/50000 ] loss=4.8838 H=4.46 lr=0.008000 gnorm=3.75 tok/s=133 elapsed=10257s
[  2550/50000 ] loss=5.0385 H=4.60 lr=0.008000 gnorm=4.13 tok/s=125 elapsed=10471s
[  2600/50000 ] loss=4.8682 H=4.51 lr=0.008000 gnorm=3.54 tok/s=130 elapsed=10676s
[  2650/50000 ] loss=4.8530 H=4.46 lr=0.008000 gnorm=3.13 tok/s=122 elapsed=10897s
[  2700/50000 ] loss=4.8299 H=4.45 lr=0.008000 gnorm=5.34 tok/s=138 elapsed=11088s
[  2750/50000 ] loss=4.8747 H=4.55 lr=0.008000 gnorm=2.96 tok/s=123 elapsed=11307s
[  2800/50000 ] loss=4.7591 H=4.42 lr=0.008000 gnorm=6.08 tok/s=131 elapsed=11511s
[  2850/50000 ] loss=4.8016 H=4.47 lr=0.008000 gnorm=2.97 tok/s=130 elapsed=11717s
[  2900/50000 ] loss=4.8980 H=4.56 lr=0.008000 gnorm=3.65 tok/s=125 elapsed=11931s
[  2950/50000 ] loss=4.8085 H=4.48 lr=0.008000 gnorm=3.23 tok/s=134 elapsed=12130s
[  3000/50000 ] loss=4.8487 H=4.55 lr=0.008000 gnorm=3.11 tok/s=120 elapsed=12354s
[  3050/50000 ] loss=4.7480 H=4.44 lr=0.008000 gnorm=3.07 tok/s=138 elapsed=12546s
[  3100/50000 ] loss=4.7754 H=4.47 lr=0.008000 gnorm=2.94 tok/s=128 elapsed=12757s
[  3150/50000 ] loss=4.7740 H=4.48 lr=0.008000 gnorm=4.33 tok/s=130 elapsed=12962s
[  3200/50000 ] loss=4.6973 H=4.44 lr=0.008000 gnorm=3.52 tok/s=133 elapsed=13164s
[  3250/50000 ] loss=4.6832 H=4.43 lr=0.008000 gnorm=4.15 tok/s=128 elapsed=13373s
[  3300/50000 ] loss=4.7891 H=4.57 lr=0.008000 gnorm=2.90 tok/s=135 elapsed=13570s
[  3350/50000 ] loss=4.6655 H=4.49 lr=0.008000 gnorm=2.51 tok/s=122 elapsed=13789s
[  3400/50000 ] loss=4.7369 H=4.50 lr=0.008000 gnorm=3.32 tok/s=139 elapsed=13980s
[  3450/50000 ] loss=4.6911 H=4.48 lr=0.008000 gnorm=3.47 tok/s=125 elapsed=14195s
[  3500/50000 ] loss=4.6759 H=4.49 lr=0.008000 gnorm=2.82 tok/s=130 elapsed=14401s
[  3550/50000 ] loss=4.6811 H=4.52 lr=0.008000 gnorm=3.34 tok/s=135 elapsed=14598s
[  3600/50000 ] loss=4.6727 H=4.52 lr=0.008000 gnorm=2.59 tok/s=124 elapsed=14814s
[  3650/50000 ] loss=4.7323 H=4.57 lr=0.008000 gnorm=2.55 tok/s=137 elapsed=15009s
[  3700/50000 ] loss=4.5516 H=4.40 lr=0.008000 gnorm=4.36 tok/s=123 elapsed=15227s
[  3750/50000 ] loss=4.4770 H=4.31 lr=0.008000 gnorm=2.40 tok/s=139 elapsed=15417s
[  3800/50000 ] loss=4.5280 H=4.41 lr=0.008000 gnorm=2.44 tok/s=126 elapsed=15630s
[  3850/50000 ] loss=4.5985 H=4.47 lr=0.008000 gnorm=2.39 tok/s=130 elapsed=15836s
[  3900/50000 ] loss=4.4930 H=4.38 lr=0.008000 gnorm=3.20 tok/s=126 elapsed=16050s
[  3950/50000 ] loss=4.5568 H=4.43 lr=0.008000 gnorm=2.20 tok/s=123 elapsed=16268s
[  4000/50000 ] loss=4.5555 H=4.49 lr=0.008000 gnorm=2.29 tok/s=136 elapsed=16464s
  -> checkpoint saved to checkpoints/qwen35_hybrid/step_4000 (1.92GB)
[  4050/50000 ] loss=4.4234 H=4.33 lr=0.008000 gnorm=2.62 tok/s=128 elapsed=16676s
[  4100/50000 ] loss=4.4719 H=4.36 lr=0.008000 gnorm=2.69 tok/s=137 elapsed=16869s
[  4150/50000 ] loss=4.4565 H=4.33 lr=0.008000 gnorm=3.67 tok/s=128 elapsed=17078s
[  4200/50000 ] loss=4.4128 H=4.31 lr=0.008000 gnorm=3.60 tok/s=129 elapsed=17286s
[  4250/50000 ] loss=4.5951 H=4.52 lr=0.008000 gnorm=2.77 tok/s=130 elapsed=17494s
[  4300/50000 ] loss=4.5310 H=4.38 lr=0.008000 gnorm=2.46 tok/s=130 elapsed=17700s
[  4350/50000 ] loss=4.4881 H=4.43 lr=0.008000 gnorm=3.23 tok/s=135 elapsed=17897s
[  4400/50000 ] loss=4.5498 H=4.46 lr=0.008000 gnorm=2.45 tok/s=120 elapsed=18121s
[  4450/50000 ] loss=4.4639 H=4.37 lr=0.008000 gnorm=2.29 tok/s=135 elapsed=18318s
[  4500/50000 ] loss=4.4692 H=4.41 lr=0.008000 gnorm=2.04 tok/s=130 elapsed=18524s
[  4550/50000 ] loss=4.3650 H=4.31 lr=0.008000 gnorm=2.53 tok/s=129 elapsed=18732s
[  4600/50000 ] loss=4.3973 H=4.33 lr=0.008000 gnorm=4.02 tok/s=133 elapsed=18934s
[  4650/50000 ] loss=4.3884 H=4.35 lr=0.008000 gnorm=2.30 tok/s=127 elapsed=19144s
[  4700/50000 ] loss=4.4157 H=4.34 lr=0.008000 gnorm=2.69 tok/s=135 elapsed=19341s
[  4750/50000 ] loss=4.4172 H=4.35 lr=0.008000 gnorm=2.68 tok/s=127 elapsed=19552s
[  4800/50000 ] loss=4.4628 H=4.43 lr=0.008000 gnorm=2.36 tok/s=139 elapsed=19742s
[  4850/50000 ] loss=4.3679 H=4.34 lr=0.008000 gnorm=2.56 tok/s=123 elapsed=19962s
[  4900/50000 ] loss=4.3697 H=4.32 lr=0.008000 gnorm=2.32 tok/s=127 elapsed=20173s
[  4950/50000 ] loss=4.4271 H=4.35 lr=0.008000 gnorm=2.34 tok/s=131 elapsed=20377s
[  5000/50000 ] loss=4.3840 H=4.37 lr=0.008000 gnorm=2.53 tok/s=122 elapsed=20597s
[  5050/50000 ] loss=4.4455 H=4.37 lr=0.008000 gnorm=2.38 tok/s=136 elapsed=20793s
[  5100/50000 ] loss=4.3238 H=4.30 lr=0.008000 gnorm=2.07 tok/s=122 elapsed=21013s
[  5150/50000 ] loss=4.4062 H=4.37 lr=0.008000 gnorm=2.25 tok/s=133 elapsed=21214s
[  5200/50000 ] loss=4.3746 H=4.36 lr=0.008000 gnorm=2.22 tok/s=128 elapsed=21424s
[  5250/50000 ] loss=4.3126 H=4.23 lr=0.008000 gnorm=4.74 tok/s=126 elapsed=21637s
[  5300/50000 ] loss=4.2727 H=4.24 lr=0.008000 gnorm=2.47 tok/s=136 elapsed=21833s
[  5350/50000 ] loss=4.3675 H=4.28 lr=0.008000 gnorm=2.38 tok/s=129 elapsed=22040s
[  5400/50000 ] loss=4.2820 H=4.29 lr=0.008000 gnorm=2.35 tok/s=139 elapsed=22231s
[  5450/50000 ] loss=4.2871 H=4.28 lr=0.008000 gnorm=2.30 tok/s=129 elapsed=22439s
[  5500/50000 ] loss=4.3603 H=4.36 lr=0.008000 gnorm=2.30 tok/s=139 elapsed=22629s
[  5550/50000 ] loss=4.2824 H=4.27 lr=0.008000 gnorm=3.46 tok/s=127 elapsed=22841s
[  5600/50000 ] loss=4.4150 H=4.40 lr=0.008000 gnorm=2.53 tok/s=131 elapsed=23044s
[  5650/50000 ] loss=4.3424 H=4.32 lr=0.008000 gnorm=2.23 tok/s=127 elapsed=23255s
[  5700/50000 ] loss=4.2691 H=4.23 lr=0.008000 gnorm=2.46 tok/s=125 elapsed=23470s
[  5750/50000 ] loss=4.2197 H=4.27 lr=0.008000 gnorm=2.22 tok/s=138 elapsed=23662s
[  5800/50000 ] loss=4.3522 H=4.33 lr=0.008000 gnorm=2.44 tok/s=128 elapsed=23871s
[  5850/50000 ] loss=4.1983 H=4.21 lr=0.008000 gnorm=2.30 tok/s=139 elapsed=24060s
[  5900/50000 ] loss=4.2960 H=4.30 lr=0.008000 gnorm=2.11 tok/s=121 elapsed=24283s
[  5950/50000 ] loss=4.3147 H=4.32 lr=0.008000 gnorm=2.51 tok/s=129 elapsed=24490s
[2m2026-03-07T12:21:56.481625Z[0m [31mERROR[0m [2mnanochat_train::train[0m[2m:[0m NaN/Inf loss detected at step 5992 (consecutive: 1)
[  4050/50000 ] loss=4.3688 H=4.33 lr=0.004000 gnorm=2.69 tok/s=128 elapsed=24876s
[  4100/50000 ] loss=4.4402 H=4.40 lr=0.004000 gnorm=2.69 tok/s=136 elapsed=25071s
[  4150/50000 ] loss=4.4209 H=4.32 lr=0.008000 gnorm=2.72 tok/s=126 elapsed=25283s
[  4200/50000 ] loss=4.4865 H=4.38 lr=0.008000 gnorm=4.21 tok/s=138 elapsed=25474s
[  4250/50000 ] loss=4.4547 H=4.35 lr=0.008000 gnorm=2.58 tok/s=125 elapsed=25689s
[  4300/50000 ] loss=4.4934 H=4.42 lr=0.008000 gnorm=2.36 tok/s=136 elapsed=25885s
[  4350/50000 ] loss=4.4891 H=4.41 lr=0.008000 gnorm=3.80 tok/s=132 elapsed=26087s
[  4400/50000 ] loss=4.3850 H=4.30 lr=0.008000 gnorm=2.56 tok/s=128 elapsed=26295s
[  4450/50000 ] loss=4.4462 H=4.38 lr=0.008000 gnorm=2.23 tok/s=135 elapsed=26493s
[  4500/50000 ] loss=4.4472 H=4.35 lr=0.008000 gnorm=3.06 tok/s=123 elapsed=26710s
[  4550/50000 ] loss=4.3954 H=4.36 lr=0.008000 gnorm=2.22 tok/s=131 elapsed=26914s
[  4600/50000 ] loss=4.4241 H=4.36 lr=0.008000 gnorm=2.28 tok/s=124 elapsed=27130s
[  4650/50000 ] loss=4.4876 H=4.44 lr=0.008000 gnorm=2.38 tok/s=133 elapsed=27330s
[  4700/50000 ] loss=4.4594 H=4.41 lr=0.008000 gnorm=2.76 tok/s=131 elapsed=27534s
[  4750/50000 ] loss=4.3155 H=4.25 lr=0.008000 gnorm=2.35 tok/s=125 elapsed=27749s
[  4800/50000 ] loss=4.3924 H=4.32 lr=0.008000 gnorm=2.38 tok/s=131 elapsed=27955s
[  4850/50000 ] loss=4.3689 H=4.31 lr=0.008000 gnorm=2.26 tok/s=121 elapsed=28175s
[  4900/50000 ] loss=4.4812 H=4.45 lr=0.008000 gnorm=2.70 tok/s=140 elapsed=28363s
[  4950/50000 ] loss=4.3488 H=4.30 lr=0.008000 gnorm=2.44 tok/s=127 elapsed=28574s
[  5000/50000 ] loss=4.2676 H=4.22 lr=0.008000 gnorm=2.30 tok/s=133 elapsed=28775s
[  5050/50000 ] loss=4.3891 H=4.35 lr=0.008000 gnorm=2.33 tok/s=133 elapsed=28976s
[  5100/50000 ] loss=4.3058 H=4.27 lr=0.008000 gnorm=2.21 tok/s=126 elapsed=29189s
[  5150/50000 ] loss=4.3638 H=4.30 lr=0.008000 gnorm=3.05 tok/s=132 elapsed=29392s
[  5200/50000 ] loss=4.3909 H=4.32 lr=0.008000 gnorm=2.44 tok/s=127 elapsed=29603s
[  5250/50000 ] loss=4.2752 H=4.26 lr=0.008000 gnorm=2.31 tok/s=138 elapsed=29795s
[  5300/50000 ] loss=4.3416 H=4.32 lr=0.008000 gnorm=3.61 tok/s=123 elapsed=30013s
[  5350/50000 ] loss=4.3068 H=4.30 lr=0.008000 gnorm=2.30 tok/s=136 elapsed=30209s
[  5400/50000 ] loss=4.3176 H=4.28 lr=0.008000 gnorm=2.51 tok/s=127 elapsed=30421s
[  5450/50000 ] loss=4.3789 H=4.33 lr=0.008000 gnorm=2.95 tok/s=123 elapsed=30638s
[  5500/50000 ] loss=4.3208 H=4.31 lr=0.008000 gnorm=2.85 tok/s=136 elapsed=30833s
[  5550/50000 ] loss=4.3007 H=4.28 lr=0.008000 gnorm=3.83 tok/s=122 elapsed=31052s
[  5600/50000 ] loss=4.3024 H=4.28 lr=0.008000 gnorm=2.22 tok/s=140 elapsed=31241s
[  5650/50000 ] loss=4.2510 H=4.24 lr=0.008000 gnorm=2.27 tok/s=121 elapsed=31464s
[  5700/50000 ] loss=4.2492 H=4.23 lr=0.008000 gnorm=2.72 tok/s=133 elapsed=31666s
[  5750/50000 ] loss=4.2710 H=4.29 lr=0.008000 gnorm=2.18 tok/s=135 elapsed=31864s
[  5800/50000 ] loss=4.3435 H=4.32 lr=0.008000 gnorm=3.24 tok/s=125 elapsed=32078s
[  5850/50000 ] loss=4.2688 H=4.28 lr=0.008000 gnorm=2.16 tok/s=138 elapsed=32270s
[  5900/50000 ] loss=4.2805 H=4.29 lr=0.008000 gnorm=2.73 tok/s=126 elapsed=32483s
[  5950/50000 ] loss=4.2936 H=4.29 lr=0.008000 gnorm=2.79 tok/s=139 elapsed=32673s
[  6000/50000 ] loss=4.1875 H=4.19 lr=0.008000 gnorm=2.96 tok/s=123 elapsed=32892s
  -> checkpoint saved to checkpoints/qwen35_hybrid/step_6000 (1.92GB)
